Unity Editor version:    2021.3.5f1 (40eb3a945986)
Branch:                  2021.3/staging
Build type:              Release
Batch mode:              YES
macOS version:           Version 15.3.2 (Build 24D81)
Darwin version:          24.3.0
Architecture:            arm64
Running under Rosetta:   NO
Available memory:        49152 MB
Using pre-set license
Pro License: YES

COMMAND LINE ARGUMENTS:
/Applications/Unity/Hub/Editor/2021.3.5f1/Unity.app/Contents/MacOS/Unity
-adb2
-batchMode
-noUpm
-name
AssetImportWorker0
-projectPath
/Users/danielrivera/School/SFWE Project/Game 351/Game351HW2/HW_2
-logFile
Logs/AssetImportWorker0.log
-srvPort
63172
Successfully changed project path to: /Users/danielrivera/School/SFWE Project/Game 351/Game351HW2/HW_2
/Users/danielrivera/School/SFWE Project/Game 351/Game351HW2/HW_2
[UnityMemory] Configuration Parameters - Can be set up in boot.config
    "memorysetup-bucket-allocator-granularity=16"
    "memorysetup-bucket-allocator-bucket-count=8"
    "memorysetup-bucket-allocator-block-size=33554432"
    "memorysetup-bucket-allocator-block-count=8"
    "memorysetup-main-allocator-block-size=16777216"
    "memorysetup-thread-allocator-block-size=16777216"
    "memorysetup-gfx-main-allocator-block-size=16777216"
    "memorysetup-gfx-thread-allocator-block-size=16777216"
    "memorysetup-cache-allocator-block-size=4194304"
    "memorysetup-typetree-allocator-block-size=2097152"
    "memorysetup-profiler-bucket-allocator-granularity=16"
    "memorysetup-profiler-bucket-allocator-bucket-count=8"
    "memorysetup-profiler-bucket-allocator-block-size=33554432"
    "memorysetup-profiler-bucket-allocator-block-count=8"
    "memorysetup-profiler-allocator-block-size=16777216"
    "memorysetup-profiler-editor-allocator-block-size=1048576"
    "memorysetup-temp-allocator-size-main=16777216"
    "memorysetup-job-temp-allocator-block-size=2097152"
    "memorysetup-job-temp-allocator-block-size-background=1048576"
    "memorysetup-job-temp-allocator-reduction-small-platforms=262144"
    "memorysetup-temp-allocator-size-background-worker=32768"
    "memorysetup-temp-allocator-size-job-worker=262144"
    "memorysetup-temp-allocator-size-preload-manager=33554432"
    "memorysetup-temp-allocator-size-nav-mesh-worker=65536"
    "memorysetup-temp-allocator-size-audio-worker=65536"
    "memorysetup-temp-allocator-size-cloud-worker=32768"
    "memorysetup-temp-allocator-size-gi-baking-worker=262144"
    "memorysetup-temp-allocator-size-gfx=262144"
Refreshing native plugins compatible for Editor in 46.20 ms, found 2 plugins.
Preloading 0 native plugins for Editor in 0.00 ms.
Initialize engine version: 2021.3.5f1 (40eb3a945986)
[Subsystems] Discovering subsystems at path /Applications/Unity/Hub/Editor/2021.3.5f1/Unity.app/Contents/Resources/UnitySubsystems
[Subsystems] Discovering subsystems at path /Users/danielrivera/School/SFWE Project/Game 351/Game351HW2/HW_2/Assets
GfxDevice: creating device client; threaded=0; jobified=0
 preferred device: Apple M4 Pro (high power)
Metal devices available: 1
0: Apple M4 Pro (high power)
Using device Apple M4 Pro (high power)
Initializing Metal device caps: Apple M4 Pro
Initialize mono
Mono path[0] = '/Applications/Unity/Hub/Editor/2021.3.5f1/Unity.app/Contents/Managed'
Mono path[1] = '/Applications/Unity/Hub/Editor/2021.3.5f1/Unity.app/Contents/MonoBleedingEdge/lib/mono/unityjit-macos'
Mono config path = '/Applications/Unity/Hub/Editor/2021.3.5f1/Unity.app/Contents/MonoBleedingEdge/etc'
Using monoOptions --debugger-agent=transport=dt_socket,embedding=1,server=y,suspend=n,address=127.0.0.1:56649
Begin MonoManager ReloadAssembly
Registering precompiled unity dll's ...
Register platform support module: /Applications/Unity/Hub/Editor/2021.3.5f1/Unity.app/Contents/PlaybackEngines/MacStandaloneSupport/UnityEditor.OSXStandalone.Extensions.dll
Registered in 0.000294 seconds.
Native extension for OSXStandalone target not found
Refreshing native plugins compatible for Editor in 48.00 ms, found 2 plugins.
Preloading 0 native plugins for Editor in 0.00 ms.
Mono: successfully reloaded assembly
- Completed reload, in  0.255 seconds
Domain Reload Profiling:
	ReloadAssembly (255ms)
		BeginReloadAssembly (18ms)
			ExecutionOrderSort (0ms)
			DisableScriptedObjects (0ms)
			BackupInstance (0ms)
			ReleaseScriptingObjects (0ms)
			CreateAndSetChildDomain (0ms)
		EndReloadAssembly (195ms)
			LoadAssemblies (18ms)
			RebuildTransferFunctionScriptingTraits (0ms)
			SetupTypeCache (44ms)
			ReleaseScriptCaches (0ms)
			RebuildScriptCaches (13ms)
			SetupLoadedEditorAssemblies (119ms)
				LogAssemblyErrors (0ms)
				InitializePlatformSupportModulesInManaged (2ms)
				SetLoadedEditorAssemblies (0ms)
				RefreshPlugins (48ms)
				BeforeProcessingInitializeOnLoad (0ms)
				ProcessInitializeOnLoadAttributes (50ms)
				ProcessInitializeOnLoadMethodAttributes (18ms)
				AfterProcessingInitializeOnLoad (0ms)
				EditorAssembliesLoaded (0ms)
			ExecutionOrderSort2 (0ms)
			AwakeInstancesAfterBackupRestoration (0ms)
Platform modules already initialized, skipping
Registering precompiled user dll's ...
Registered in 0.000985 seconds.
Begin MonoManager ReloadAssembly
Symbol file LoadedFromMemory doesn't match image /Users/danielrivera/School/SFWE Project/Game 351/Game351HW2/HW_2/Library/PackageCache/com.unity.visualscripting@1.7.8/Editor/VisualScripting.Core/Dependencies/YamlDotNet/Unity.VisualScripting.YamlDotNet.dll
Symbol file LoadedFromMemory doesn't match image /Users/danielrivera/School/SFWE Project/Game 351/Game351HW2/HW_2/Library/PackageCache/com.unity.visualscripting@1.7.8/Editor/VisualScripting.Core/Dependencies/DotNetZip/Unity.VisualScripting.IonicZip.dll
Native extension for OSXStandalone target not found
Refreshing native plugins compatible for Editor in 0.29 ms, found 2 plugins.
Preloading 0 native plugins for Editor in 0.00 ms.
Mono: successfully reloaded assembly
- Completed reload, in  0.407 seconds
Domain Reload Profiling:
	ReloadAssembly (408ms)
		BeginReloadAssembly (38ms)
			ExecutionOrderSort (0ms)
			DisableScriptedObjects (2ms)
			BackupInstance (0ms)
			ReleaseScriptingObjects (0ms)
			CreateAndSetChildDomain (11ms)
		EndReloadAssembly (320ms)
			LoadAssemblies (21ms)
			RebuildTransferFunctionScriptingTraits (0ms)
			SetupTypeCache (115ms)
			ReleaseScriptCaches (0ms)
			RebuildScriptCaches (23ms)
			SetupLoadedEditorAssemblies (141ms)
				LogAssemblyErrors (0ms)
				InitializePlatformSupportModulesInManaged (2ms)
				SetLoadedEditorAssemblies (0ms)
				RefreshPlugins (0ms)
				BeforeProcessingInitializeOnLoad (37ms)
				ProcessInitializeOnLoadAttributes (89ms)
				ProcessInitializeOnLoadMethodAttributes (12ms)
				AfterProcessingInitializeOnLoad (0ms)
				EditorAssembliesLoaded (0ms)
			ExecutionOrderSort2 (0ms)
			AwakeInstancesAfterBackupRestoration (2ms)
Platform modules already initialized, skipping
========================================================================
Worker process is ready to serve import requests
Launching external process: /Applications/Unity/Hub/Editor/2021.3.5f1/Unity.app/Contents/Tools/UnityShaderCompiler
Launched and connected shader compiler UnityShaderCompiler after 0.02 seconds
Refreshing native plugins compatible for Editor in 0.24 ms, found 2 plugins.
Preloading 0 native plugins for Editor in 0.00 ms.
Unloading 3370 Unused Serialized files (Serialized files now loaded: 0)
Unloading 25 unused Assets / (41.8 KB). Loaded Objects now: 3828.
Memory consumption went from 117.2 MB to 117.1 MB.
Total: 1.786042 ms (FindLiveObjects: 0.088333 ms CreateObjectMapping: 0.029625 ms MarkObjects: 1.631375 ms  DeleteObjects: 0.036167 ms)

AssetImportParameters requested are different than current active one (requested -> active):
  custom:video-decoder-ogg-theora: a1e56fd34408186e4bbccfd4996cb3dc -> 
  custom:container-muxer-webm: aa71ff27fc2769a1b78a27578f13a17b -> 
  custom:container-demuxer-webm: 4f35f7cbe854078d1ac9338744f61a02 -> 
  custom:video-encoder-webm-vp8: eb34c28f22e8b96e1ab97ce403110664 -> 
  custom:framework-osx-AVFoundation: e770b220cccbd017edd2c1fefb359320 -> 
  custom:audio-encoder-webm-vorbis: bf7c407c2cedff20999df2af8eb42d56 -> 
  custom:container-demuxer-ogg: 62fdf1f143b41e24485cea50d1cbac27 -> 
  custom:video-decoder-webm-vp8: 9c59270c3fd7afecdb556c50c9e8de78 -> 
  custom:audio-decoder-ogg-vorbis: bf7c407c2cedff20999df2af8eb42d56 -> 
========================================================================
Received Import Request.
  Time since last request: 1316399.524595 seconds.
  path: Assets/Scenes/Post-Processing Profile.asset
  artifactKey: Guid(4d143f17cc0bcc04993276b5139042c1) Importer(815301076,1909f56bfc062723c751e8b465ee728b)
Start importing Assets/Scenes/Post-Processing Profile.asset using Guid(4d143f17cc0bcc04993276b5139042c1) Importer(815301076,1909f56bfc062723c751e8b465ee728b)  -> (artifact id: 'a2e2c1d628eede2ab113a114ce91e483') in 0.253035 seconds 
========================================================================
Received Import Request.
  Time since last request: 24.204847 seconds.
  path: Assets/Terrain/Hilly Terrain.asset
  artifactKey: Guid(e7b1fcb0ac8a69147bd09db9fde1dcda) Importer(815301076,1909f56bfc062723c751e8b465ee728b)
Start importing Assets/Terrain/Hilly Terrain.asset using Guid(e7b1fcb0ac8a69147bd09db9fde1dcda) Importer(815301076,1909f56bfc062723c751e8b465ee728b)  -> (artifact id: '518e078a5f99c3a3aa02b515f7ecd2c8') in 0.042486 seconds 
========================================================================
Received Import Request.
  Time since last request: 7.341160 seconds.
  path: Assets/Terrain/Materials
  artifactKey: Guid(621b4bb3cf9912b41bdef3cb2f8dc775) Importer(815301076,1909f56bfc062723c751e8b465ee728b)
Start importing Assets/Terrain/Materials using Guid(621b4bb3cf9912b41bdef3cb2f8dc775) Importer(815301076,1909f56bfc062723c751e8b465ee728b)  -> (artifact id: 'cd393146e41202986a567721aa152b9a') in 0.001062 seconds 
========================================================================
Received Import Request.
  Time since last request: 0.081866 seconds.
  path: Assets/Terrain/Materials/diffuse_x0_y1.mat
  artifactKey: Guid(52e0f5d5686b756469daa31e4725325f) Importer(815301076,1909f56bfc062723c751e8b465ee728b)
Start importing Assets/Terrain/Materials/diffuse_x0_y1.mat using Guid(52e0f5d5686b756469daa31e4725325f) Importer(815301076,1909f56bfc062723c751e8b465ee728b)  -> (artifact id: 'f6e48b554af8b4fe2c35cd23cac281f1') in 0.064562 seconds 
========================================================================
Received Import Request.
  Time since last request: 0.000038 seconds.
  path: Assets/Terrain/Materials/diffuse_x3_y2.png
  artifactKey: Guid(a37a56f0b479794409dbb2727646ef9b) Importer(815301076,1909f56bfc062723c751e8b465ee728b)
Start importing Assets/Terrain/Materials/diffuse_x3_y2.png using Guid(a37a56f0b479794409dbb2727646ef9b) Importer(815301076,1909f56bfc062723c751e8b465ee728b)  -> (artifact id: '65a89a1cb8aefc1a85e9f790f0489755') in 0.352571 seconds 
========================================================================
Received Import Request.
  Time since last request: 0.000028 seconds.
  path: Assets/Terrain/Materials/NewLayer.terrainlayer
  artifactKey: Guid(140cbfdddf4547841bd3061cc8919743) Importer(815301076,1909f56bfc062723c751e8b465ee728b)
Start importing Assets/Terrain/Materials/NewLayer.terrainlayer using Guid(140cbfdddf4547841bd3061cc8919743) Importer(815301076,1909f56bfc062723c751e8b465ee728b)  -> (artifact id: '40444f0ee39b6fa36e891b0704696c02') in 0.024000 seconds 
========================================================================
Received Import Request.
  Time since last request: 0.000039 seconds.
  path: Assets/Terrain/Materials/NewLayer 1.terrainlayer
  artifactKey: Guid(b286554c317125d438cd33e3037fdaf8) Importer(815301076,1909f56bfc062723c751e8b465ee728b)
Start importing Assets/Terrain/Materials/NewLayer 1.terrainlayer using Guid(b286554c317125d438cd33e3037fdaf8) Importer(815301076,1909f56bfc062723c751e8b465ee728b)  -> (artifact id: '7d534e4a07b66dc70737ed5239f9d6f6') in 0.001525 seconds 
========================================================================
Received Import Request.
  Time since last request: 0.000037 seconds.
  path: Assets/Terrain/Materials/NewLayer 2.terrainlayer
  artifactKey: Guid(6c6ed5163e9b5b74fa0f858591c13348) Importer(815301076,1909f56bfc062723c751e8b465ee728b)
Start importing Assets/Terrain/Materials/NewLayer 2.terrainlayer using Guid(6c6ed5163e9b5b74fa0f858591c13348) Importer(815301076,1909f56bfc062723c751e8b465ee728b)  -> (artifact id: 'c8a592b914bdb193f5d1c08c262a1374') in 0.004947 seconds 
========================================================================
Received Import Request.
  Time since last request: 0.000037 seconds.
  path: Assets/Terrain/Materials/normal_x3_y2.png
  artifactKey: Guid(35c03f2d02eef1d409d99e705303062a) Importer(815301076,1909f56bfc062723c751e8b465ee728b)
Start importing Assets/Terrain/Materials/normal_x3_y2.png using Guid(35c03f2d02eef1d409d99e705303062a) Importer(815301076,1909f56bfc062723c751e8b465ee728b)  -> (artifact id: '70b7be12191c06865fea5c6c8e3c7435') in 0.040129 seconds 
Editor requested this worker to shutdown with reason: Scaling down because of idle timeout
AssetImportWorker is now disconnected from the server
Process exiting
